###############################################################################
#
# IAR ELF Linker V9.20.2.320/W64 for ARM                  31/May/2022  16:49:12
# Copyright 2007-2021 IAR Systems AB.
#
#    Output file  =
#        C:\Users\PashninDS\YandexDisk\Study\IVT_2018\VKRprojects\DataTransmitter\EWARM\DataTransmitter\Exe\DataTransmitter.out
#    Map file     =
#        C:\Users\PashninDS\YandexDisk\Study\IVT_2018\VKRprojects\DataTransmitter\EWARM\DataTransmitter\List\DataTransmitter.map
#    Command line =
#        -f
#        C:\Users\PashninDS\YandexDisk\Study\IVT_2018\VKRprojects\DataTransmitter\EWARM\DataTransmitter\Exe\DataTransmitter.out.rsp
#        (C:\Users\PashninDS\YandexDisk\Study\IVT_2018\VKRprojects\DataTransmitter\EWARM\DataTransmitter\Obj\Application\User\main.o
#        C:\Users\PashninDS\YandexDisk\Study\IVT_2018\VKRprojects\DataTransmitter\EWARM\DataTransmitter\Obj\Application\EWARM\startup_stm32f303xc.o
#        C:\Users\PashninDS\YandexDisk\Study\IVT_2018\VKRprojects\DataTransmitter\EWARM\DataTransmitter\Obj\Application\User\stm32f3xx_it.o
#        C:\Users\PashninDS\YandexDisk\Study\IVT_2018\VKRprojects\DataTransmitter\EWARM\DataTransmitter\Obj\Drivers\STM32F3xx_HAL_Driver\stm32f3xx_ll_adc.o
#        C:\Users\PashninDS\YandexDisk\Study\IVT_2018\VKRprojects\DataTransmitter\EWARM\DataTransmitter\Obj\Drivers\STM32F3xx_HAL_Driver\stm32f3xx_ll_dma.o
#        C:\Users\PashninDS\YandexDisk\Study\IVT_2018\VKRprojects\DataTransmitter\EWARM\DataTransmitter\Obj\Drivers\STM32F3xx_HAL_Driver\stm32f3xx_ll_exti.o
#        C:\Users\PashninDS\YandexDisk\Study\IVT_2018\VKRprojects\DataTransmitter\EWARM\DataTransmitter\Obj\Drivers\STM32F3xx_HAL_Driver\stm32f3xx_ll_gpio.o
#        C:\Users\PashninDS\YandexDisk\Study\IVT_2018\VKRprojects\DataTransmitter\EWARM\DataTransmitter\Obj\Drivers\STM32F3xx_HAL_Driver\stm32f3xx_ll_rcc.o
#        C:\Users\PashninDS\YandexDisk\Study\IVT_2018\VKRprojects\DataTransmitter\EWARM\DataTransmitter\Obj\Drivers\STM32F3xx_HAL_Driver\stm32f3xx_ll_tim.o
#        C:\Users\PashninDS\YandexDisk\Study\IVT_2018\VKRprojects\DataTransmitter\EWARM\DataTransmitter\Obj\Drivers\STM32F3xx_HAL_Driver\stm32f3xx_ll_usart.o
#        C:\Users\PashninDS\YandexDisk\Study\IVT_2018\VKRprojects\DataTransmitter\EWARM\DataTransmitter\Obj\Drivers\STM32F3xx_HAL_Driver\stm32f3xx_ll_utils.o
#        C:\Users\PashninDS\YandexDisk\Study\IVT_2018\VKRprojects\DataTransmitter\EWARM\DataTransmitter\Obj\Drivers\CMSIS\system_stm32f3xx.o
#        --redirect _Printf=_PrintfFull --redirect _Scanf=_ScanfFull
#        --no_out_extension -o
#        C:\Users\PashninDS\YandexDisk\Study\IVT_2018\VKRprojects\DataTransmitter\EWARM\DataTransmitter\Exe\DataTransmitter.out
#        --map
#        C:\Users\PashninDS\YandexDisk\Study\IVT_2018\VKRprojects\DataTransmitter\EWARM\DataTransmitter\List\DataTransmitter.map
#        --config
#        C:\Users\PashninDS\YandexDisk\Study\IVT_2018\VKRprojects\DataTransmitter\EWARM/stm32f303xc_flash.icf
#        --semihosting --entry __iar_program_start --vfe --text_out locale)
#
###############################################################################

*******************************************************************************
*** RUNTIME MODEL ATTRIBUTES
***

CppFlavor       = *
__CPP_Runtime   = 1
__SystemLibrary = DLib
__dlib_version  = 6


*******************************************************************************
*** HEAP SELECTION
***

The basic heap was selected because some modules are built with
size limitations (and not runtime checking), and --advanced_heap
was not specified.


*******************************************************************************
*** PLACEMENT SUMMARY
***

"A0":  place at address 0x800'0000 { ro section .intvec };
"P1":  place in [from 0x800'0000 to 0x803'ffff] { ro };
define block CSTACK with size = 1K, alignment = 8 { };
define block HEAP with size = 512, alignment = 8 { };
"P2":  place in [from 0x2000'0000 to 0x2000'9fff] {
          rw, block CSTACK, block HEAP };
initialize by copy { rw };

  Section            Kind         Address   Size  Object
  -------            ----         -------   ----  ------
"A0":                                      0x188
  .intvec            ro code   0x800'0000  0x188  startup_stm32f303xc.o [1]
                             - 0x800'0188  0x188

"P1":                                      0xf34
  .text              ro code   0x800'0188  0x5f8  main.o [2]
  .text              ro code   0x800'0780   0x14  memset.o [7]
  .text              ro code   0x800'0794   0xf6  stm32f3xx_ll_gpio.o [4]
  .text              ro code   0x800'088a   0x2a  copy_init3.o [7]
  .text              ro code   0x800'08b4   0xd4  stm32f3xx_ll_usart.o [4]
  .text              ro code   0x800'0988   0xe8  stm32f3xx_ll_adc.o [4]
  .text              ro code   0x800'0a70   0xb4  stm32f3xx_ll_tim.o [4]
  .text              ro code   0x800'0b24   0x28  stm32f3xx_ll_utils.o [4]
  .text              ro code   0x800'0b4c   0x66  ABImemset.o [7]
  .text              ro code   0x800'0bb4  0x1d8  stm32f3xx_ll_rcc.o [4]
  .text              ro code   0x800'0d8c  0x12c  stm32f3xx_it.o [2]
  .text              ro code   0x800'0eb8   0x28  data_init.o [7]
  .text              ro code   0x800'0ee0   0x22  fpinit_M.o [6]
  .iar.init_table    const     0x800'0f04   0x14  - Linker created -
  .text              ro code   0x800'0f18   0x20  system_stm32f3xx.o [3]
  .text              ro code   0x800'0f38   0x1e  cmain.o [7]
  .text              ro code   0x800'0f56    0x4  low_level_init.o [5]
  .text              ro code   0x800'0f5a    0x4  exit.o [5]
  .text              ro code   0x800'0f60    0xa  cexit.o [7]
  .text              ro code   0x800'0f6c   0x14  exit.o [8]
  .text              ro code   0x800'0f80   0x1c  cstartup_M.o [7]
  .text              ro code   0x800'0f9c   0x10  startup_stm32f303xc.o [1]
  Initializer bytes  const     0x800'0fac   0x10  <for P2-1>
  .rodata            const     0x800'0fbc    0x8  system_stm32f3xx.o [3]
  .text              ro code   0x800'0fc4    0x4  startup_stm32f303xc.o [1]
  .text              ro code   0x800'0fc8    0x4  startup_stm32f303xc.o [1]
  .text              ro code   0x800'0fcc    0x4  startup_stm32f303xc.o [1]
  .text              ro code   0x800'0fd0    0x4  startup_stm32f303xc.o [1]
  .text              ro code   0x800'0fd4    0x4  startup_stm32f303xc.o [1]
  .text              ro code   0x800'0fd8    0x4  startup_stm32f303xc.o [1]
  .text              ro code   0x800'0fdc    0x4  startup_stm32f303xc.o [1]
  .text              ro code   0x800'0fe0    0x4  startup_stm32f303xc.o [1]
  .text              ro code   0x800'0fe4    0x4  startup_stm32f303xc.o [1]
  .text              ro code   0x800'0fe8    0x4  startup_stm32f303xc.o [1]
  .text              ro code   0x800'0fec    0x4  startup_stm32f303xc.o [1]
  .text              ro code   0x800'0ff0    0x4  startup_stm32f303xc.o [1]
  .text              ro code   0x800'0ff4    0x4  startup_stm32f303xc.o [1]
  .text              ro code   0x800'0ff8    0x4  startup_stm32f303xc.o [1]
  .text              ro code   0x800'0ffc    0x4  startup_stm32f303xc.o [1]
  .text              ro code   0x800'1000    0x4  startup_stm32f303xc.o [1]
  .text              ro code   0x800'1004    0x4  startup_stm32f303xc.o [1]
  .text              ro code   0x800'1008    0x4  startup_stm32f303xc.o [1]
  .text              ro code   0x800'100c    0x4  startup_stm32f303xc.o [1]
  .text              ro code   0x800'1010    0x4  startup_stm32f303xc.o [1]
  .text              ro code   0x800'1014    0x4  startup_stm32f303xc.o [1]
  .text              ro code   0x800'1018    0x4  startup_stm32f303xc.o [1]
  .text              ro code   0x800'101c    0x4  startup_stm32f303xc.o [1]
  .text              ro code   0x800'1020    0x4  startup_stm32f303xc.o [1]
  .text              ro code   0x800'1024    0x4  startup_stm32f303xc.o [1]
  .text              ro code   0x800'1028    0x4  startup_stm32f303xc.o [1]
  .text              ro code   0x800'102c    0x4  startup_stm32f303xc.o [1]
  .text              ro code   0x800'1030    0x4  startup_stm32f303xc.o [1]
  .text              ro code   0x800'1034    0x4  startup_stm32f303xc.o [1]
  .text              ro code   0x800'1038    0x4  startup_stm32f303xc.o [1]
  .text              ro code   0x800'103c    0x4  startup_stm32f303xc.o [1]
  .text              ro code   0x800'1040    0x4  startup_stm32f303xc.o [1]
  .text              ro code   0x800'1044    0x4  startup_stm32f303xc.o [1]
  .text              ro code   0x800'1048    0x4  startup_stm32f303xc.o [1]
  .text              ro code   0x800'104c    0x4  startup_stm32f303xc.o [1]
  .text              ro code   0x800'1050    0x4  startup_stm32f303xc.o [1]
  .text              ro code   0x800'1054    0x4  startup_stm32f303xc.o [1]
  .text              ro code   0x800'1058    0x4  startup_stm32f303xc.o [1]
  .text              ro code   0x800'105c    0x4  startup_stm32f303xc.o [1]
  .text              ro code   0x800'1060    0x4  startup_stm32f303xc.o [1]
  .text              ro code   0x800'1064    0x4  startup_stm32f303xc.o [1]
  .text              ro code   0x800'1068    0x4  startup_stm32f303xc.o [1]
  .text              ro code   0x800'106c    0x4  startup_stm32f303xc.o [1]
  .text              ro code   0x800'1070    0x4  startup_stm32f303xc.o [1]
  .text              ro code   0x800'1074    0x4  startup_stm32f303xc.o [1]
  .text              ro code   0x800'1078    0x4  startup_stm32f303xc.o [1]
  .text              ro code   0x800'107c    0x4  startup_stm32f303xc.o [1]
  .text              ro code   0x800'1080    0x4  startup_stm32f303xc.o [1]
  .text              ro code   0x800'1084    0x4  startup_stm32f303xc.o [1]
  .text              ro code   0x800'1088    0x4  startup_stm32f303xc.o [1]
  .text              ro code   0x800'108c    0x4  startup_stm32f303xc.o [1]
  .text              ro code   0x800'1090    0x4  startup_stm32f303xc.o [1]
  .text              ro code   0x800'1094    0x4  startup_stm32f303xc.o [1]
  .text              ro code   0x800'1098    0x4  startup_stm32f303xc.o [1]
  .text              ro code   0x800'109c    0x4  startup_stm32f303xc.o [1]
  .text              ro code   0x800'10a0    0x4  startup_stm32f303xc.o [1]
  .text              ro code   0x800'10a4    0x4  startup_stm32f303xc.o [1]
  .text              ro code   0x800'10a8    0x4  startup_stm32f303xc.o [1]
  .text              ro code   0x800'10ac    0x4  startup_stm32f303xc.o [1]
  .text              ro code   0x800'10b0    0x4  startup_stm32f303xc.o [1]
  .text              ro code   0x800'10b4    0x4  startup_stm32f303xc.o [1]
  .text              ro code   0x800'10b8    0x4  startup_stm32f303xc.o [1]
  .rodata            const     0x800'10bc    0x0  copy_init3.o [7]
                             - 0x800'10bc  0xf34

"P2", part 1 of 2:                          0x10
  P2-1                        0x2000'0000   0x10  <Init block>
    .data            inited   0x2000'0000    0x4  system_stm32f3xx.o [3]
    .bss             inited   0x2000'0004    0x4  main.o [2]
    .bss             inited   0x2000'0008    0x4  main.o [2]
    .bss             inited   0x2000'000c    0x2  main.o [2]
    .bss             inited   0x2000'000e    0x1  stm32f3xx_it.o [2]
    .bss             inited   0x2000'000f    0x1  stm32f3xx_it.o [2]
                            - 0x2000'0010   0x10

"P2", part 2 of 2:                         0x400
  CSTACK                      0x2000'0010  0x400  <Block>
    CSTACK           uninit   0x2000'0010  0x400  <Block tail>
                            - 0x2000'0410  0x400

Unused ranges:

         From           To      Size
         ----           --      ----
   0x800'10bc   0x803'ffff  0x3'ef44
  0x2000'0410  0x2000'9fff    0x9bf0


*******************************************************************************
*** INIT TABLE
***

          Address      Size
          -------      ----
Copy (__iar_copy_init3)
    1 source range, total size 0x10:
           0x800'0fac  0x10
    1 destination range, total size 0x10:
          0x2000'0000  0x10



*******************************************************************************
*** MODULE SUMMARY
***

    Module                 ro code  ro data  rw data
    ------                 -------  -------  -------
command line/config:
    ------------------------------------------------
    Total:

C:\Users\PashninDS\YandexDisk\Study\IVT_2018\VKRprojects\DataTransmitter\EWARM\DataTransmitter\Obj\Application\EWARM: [1]
    startup_stm32f303xc.o      656
    ------------------------------------------------
    Total:                     656

C:\Users\PashninDS\YandexDisk\Study\IVT_2018\VKRprojects\DataTransmitter\EWARM\DataTransmitter\Obj\Application\User: [2]
    main.o                   1'528       10       10
    stm32f3xx_it.o             300        2        2
    ------------------------------------------------
    Total:                   1'828       12       12

C:\Users\PashninDS\YandexDisk\Study\IVT_2018\VKRprojects\DataTransmitter\EWARM\DataTransmitter\Obj\Drivers\CMSIS: [3]
    system_stm32f3xx.o          32       12        4
    ------------------------------------------------
    Total:                      32       12        4

C:\Users\PashninDS\YandexDisk\Study\IVT_2018\VKRprojects\DataTransmitter\EWARM\DataTransmitter\Obj\Drivers\STM32F3xx_HAL_Driver: [4]
    stm32f3xx_ll_adc.o         232
    stm32f3xx_ll_gpio.o        246
    stm32f3xx_ll_rcc.o         472
    stm32f3xx_ll_tim.o         180
    stm32f3xx_ll_usart.o       212
    stm32f3xx_ll_utils.o        40
    ------------------------------------------------
    Total:                   1'382

dl7M_tln.a: [5]
    exit.o                       4
    low_level_init.o             4
    ------------------------------------------------
    Total:                       8

m7M_tls.a: [6]
    fpinit_M.o                  34
    ------------------------------------------------
    Total:                      34

rt7M_tl.a: [7]
    ABImemset.o                102
    cexit.o                     10
    cmain.o                     30
    copy_init3.o                42
    cstartup_M.o                28
    data_init.o                 40
    memset.o                    20
    ------------------------------------------------
    Total:                     272

shb_l.a: [8]
    exit.o                      20
    ------------------------------------------------
    Total:                      20

    Gaps                         6        2
    Linker created                       20    1'024
----------------------------------------------------
    Grand Total:             4'238       46    1'040


*******************************************************************************
*** ENTRY LIST
***

Entry                       Address   Size  Type      Object
-----                       -------   ----  ----      ------
.iar.init_table$$Base    0x800'0f04          --   Gb  - Linker created -
.iar.init_table$$Limit   0x800'0f18          --   Gb  - Linker created -
?main                    0x800'0f39         Code  Gb  cmain.o [7]
ADC1_Result_Var         0x2000'0004    0x4  Data  Gb  main.o [2]
AHBPrescTable            0x800'0f28   0x10  Data  Gb  system_stm32f3xx.o [3]
APBPrescTable            0x800'0fbc    0x8  Data  Gb  system_stm32f3xx.o [3]
BusFault_Handler         0x800'0d93    0x2  Code  Gb  stm32f3xx_it.o [2]
CSTACK$$Base            0x2000'0010          --   Gb  - Linker created -
CSTACK$$Limit           0x2000'0410          --   Gb  - Linker created -
DMA1_Channel1_IRQHandler
                         0x800'0d9f    0xe  Code  Gb  stm32f3xx_it.o [2]
DMA_index               0x2000'000e    0x1  Data  Gb  stm32f3xx_it.o [2]
DebugMon_Handler         0x800'0d99    0x2  Code  Gb  stm32f3xx_it.o [2]
HardFault_Handler        0x800'0d8f    0x2  Code  Gb  stm32f3xx_it.o [2]
LL_ADC_CommonInit        0x800'0989   0x54  Code  Gb  stm32f3xx_ll_adc.o [4]
LL_ADC_Init              0x800'09dd   0x26  Code  Gb  stm32f3xx_ll_adc.o [4]
LL_ADC_REG_Init          0x800'0a03   0x4e  Code  Gb  stm32f3xx_ll_adc.o [4]
LL_ADC_REG_SetSequencerRanks
                         0x800'01f1   0x26  Code  Lc  main.o [2]
LL_ADC_SetChannelSamplingTime
                         0x800'0217   0x24  Code  Lc  main.o [2]
LL_ADC_SetChannelSingleDiff
                         0x800'023b   0x24  Code  Lc  main.o [2]
LL_AHB1_GRP1_EnableClock
                         0x800'025f    0x6  Code  Lc  main.o [2]
LL_APB1_GRP1_EnableClock
                         0x800'0265    0x4  Code  Lc  main.o [2]
LL_APB2_GRP1_EnableClock
                         0x800'027d    0x6  Code  Lc  main.o [2]
LL_GPIO_Init             0x800'0795   0xf6  Code  Gb  stm32f3xx_ll_gpio.o [4]
LL_Init1msTick           0x800'0b25   0x18  Code  Gb  stm32f3xx_ll_utils.o [4]
LL_RCC_GetUARTClockFreq
                         0x800'0c59   0x80  Code  Gb  stm32f3xx_ll_rcc.o [4]
LL_RCC_GetUSARTClockFreq
                         0x800'0bc9   0x90  Code  Gb  stm32f3xx_ll_rcc.o [4]
LL_RCC_GetUSARTClockSource
                         0x800'0bb5   0x14  Code  Lc  stm32f3xx_ll_rcc.o [4]
LL_SetSystemCoreClock    0x800'0b3d    0x6  Code  Gb  stm32f3xx_ll_utils.o [4]
LL_TIM_Init              0x800'0a71   0x96  Code  Gb  stm32f3xx_ll_tim.o [4]
LL_USART_Init            0x800'08b5   0xb8  Code  Gb  stm32f3xx_ll_usart.o [4]
MemManage_Handler        0x800'0d91    0x2  Code  Gb  stm32f3xx_it.o [2]
NMI_Handler              0x800'0d8d    0x2  Code  Gb  stm32f3xx_it.o [2]
NVIC_EncodePriority      0x800'01bf   0x32  Code  Lc  main.o [2]
PendSV_Handler           0x800'0d9b    0x2  Code  Gb  stm32f3xx_it.o [2]
RCC_GetHCLKClockFreq     0x800'0ced    0xc  Code  Gb  stm32f3xx_ll_rcc.o [4]
RCC_GetPCLK1ClockFreq    0x800'0cf9    0xa  Code  Gb  stm32f3xx_ll_rcc.o [4]
RCC_GetPCLK2ClockFreq    0x800'0d09    0xc  Code  Gb  stm32f3xx_ll_rcc.o [4]
RCC_GetSystemClockFreq   0x800'0cd9   0x10  Code  Gb  stm32f3xx_ll_rcc.o [4]
RCC_PLL_GetFreqDomain_SYS
                         0x800'0d15   0x2a  Code  Gb  stm32f3xx_ll_rcc.o [4]
Region$$Table$$Base      0x800'0f04          --   Gb  - Linker created -
Region$$Table$$Limit     0x800'0f18          --   Gb  - Linker created -
Rx_Buffer               0x2000'000c    0x2  Data  Gb  main.o [2]
SVC_Handler              0x800'0d97    0x2  Code  Gb  stm32f3xx_it.o [2]
SysTick_Handler          0x800'0d9d    0x2  Code  Gb  stm32f3xx_it.o [2]
SystemClock_Config       0x800'0667   0xa2  Code  Gb  main.o [2]
SystemCoreClock         0x2000'0000    0x4  Data  Gb  system_stm32f3xx.o [3]
SystemInit               0x800'0f19    0xc  Code  Gb  system_stm32f3xx.o [3]
TIM6_DAC_IRQHandler      0x800'0e29   0x1e  Code  Gb  stm32f3xx_it.o [2]
TIM7_IRQHandler          0x800'0e47   0x40  Code  Gb  stm32f3xx_it.o [2]
Tx_Buffer               0x2000'0008    0x4  Data  Gb  main.o [2]
USART1_IRQHandler        0x800'0dad   0x7c  Code  Gb  stm32f3xx_it.o [2]
USART_Tx                 0x800'028b   0x20  Code  Gb  main.o [2]
USART_index             0x2000'000f    0x1  Data  Gb  stm32f3xx_it.o [2]
UsageFault_Handler       0x800'0d95    0x2  Code  Gb  stm32f3xx_it.o [2]
__NVIC_EnableIRQ         0x800'0189   0x18  Code  Lc  main.o [2]
__NVIC_SetPriority       0x800'01a1   0x1e  Code  Lc  main.o [2]
__aeabi_memset           0x800'0b4d         Code  Gb  ABImemset.o [7]
__cmain                  0x800'0f39         Code  Gb  cmain.o [7]
__exit                   0x800'0f6d   0x14  Code  Gb  exit.o [8]
__iar_Memset             0x800'0b4d         Code  Gb  ABImemset.o [7]
__iar_Memset_word        0x800'0b55         Code  Gb  ABImemset.o [7]
__iar_copy_init3         0x800'088b   0x2a  Code  Gb  copy_init3.o [7]
__iar_data_init3         0x800'0eb9   0x28  Code  Gb  data_init.o [7]
__iar_init_vfp           0x800'0ee1         Code  Gb  fpinit_M.o [6]
__iar_program_start      0x800'0f81         Code  Gb  cstartup_M.o [7]
__low_level_init         0x800'0f57    0x4  Code  Gb  low_level_init.o [5]
__vector_table           0x800'0000         Data  Gb  startup_stm32f303xc.o [1]
_call_main               0x800'0f45         Code  Gb  cmain.o [7]
_exit                    0x800'0f61         Code  Gb  cexit.o [7]
clearBuff                0x800'0283    0x8  Code  Gb  main.o [2]
exit                     0x800'0f5b    0x4  Code  Gb  exit.o [5]
main                     0x800'02ab  0x384  Code  Gb  main.o [2]
memset                   0x800'0781   0x14  Code  Gb  memset.o [7]


[1] = C:\Users\PashninDS\YandexDisk\Study\IVT_2018\VKRprojects\DataTransmitter\EWARM\DataTransmitter\Obj\Application\EWARM
[2] = C:\Users\PashninDS\YandexDisk\Study\IVT_2018\VKRprojects\DataTransmitter\EWARM\DataTransmitter\Obj\Application\User
[3] = C:\Users\PashninDS\YandexDisk\Study\IVT_2018\VKRprojects\DataTransmitter\EWARM\DataTransmitter\Obj\Drivers\CMSIS
[4] = C:\Users\PashninDS\YandexDisk\Study\IVT_2018\VKRprojects\DataTransmitter\EWARM\DataTransmitter\Obj\Drivers\STM32F3xx_HAL_Driver
[5] = dl7M_tln.a
[6] = m7M_tls.a
[7] = rt7M_tl.a
[8] = shb_l.a

  4'238 bytes of readonly  code memory
     46 bytes of readonly  data memory
  1'040 bytes of readwrite data memory

Errors: none
Warnings: none
